// Jest Snapshot v1, https://goo.gl/fbAQLP

exports[`matches snapshot 1`] = `
<DocumentFragment>
  <div>
    <div
      class="NavBar"
    >
      <a
        class="NavBar-brand"
        href="/"
      >
        Jobly
      </a>
      <a
        class="NavBar-link"
        href="/login"
      >
        Login
      </a>
      <a
        class="NavBar-link"
        href="/signup"
      >
        Sign Up
      </a>
    </div>
    <div
      class="container"
    >
      <div
        class="row"
      >
        <div
          class="col-6 offset-3"
        >
          <h1>
            Jobly
          </h1>
          <p>
            All the jobs in one, convenient place.
          </p>
          <div
            class="row"
          >
            <div
              class="col"
            >
              <a
                href="/login"
              >
                <button
                  class="btn btn-primary"
                  type="button"
                >
                  Log in
                </button>
              </a>
            </div>
            <div
              class="col"
            >
              <a
                href="/signup"
              >
                <button
                  class="btn btn-primary"
                  type="button"
                >
                  Sign up
                </button>
              </a>
            </div>
          </div>
        </div>
      </div>
    </div>
  </div>
</DocumentFragment>
`;
